2026-05-23 11:18:39.785 | INFO     | app_server:startup_event:69 - 服务启动完成
2026-05-23 11:18:39.786 | INFO     | app_server:startup_event:70 - 上传目录: data\upload
2026-05-23 11:18:39.786 | INFO     | app_server:startup_event:71 - 输出目录: data\output
2026-05-23 11:19:31.899 | INFO     | app_server:knowledge_graph_construction_api:82 - 收到文件: name=example.txt, type=text/plain
2026-05-23 11:19:31.901 | INFO     | app_server:knowledge_graph_construction_api:85 - 文件已保存: data\upload\upload_a4dd78d686964617bccd91268e74991e.txt
2026-05-23 11:21:39.967 | INFO     | algorithms.knowledge_graph.retriever:retrieve_wrapper:17 - 开始搜索数据库，输入: T-90S
2026-05-23 11:21:40.086 | INFO     | algorithms.knowledge_graph.retriever:retrieve_wrapper:25 - 任务完成，查询目标=T-90S, 耗时=102.00142860412598
2026-05-23 11:25:44.798 | INFO     | algorithms.knowledge_graph.retriever:retrieve_wrapper:17 - 开始搜索数据库，输入: 99AE
2026-05-23 11:25:44.839 | INFO     | algorithms.knowledge_graph.retriever:retrieve_wrapper:25 - 任务完成，查询目标=99AE, 耗时=36.00025177001953
2026-05-23 11:30:28.857 | INFO     | app_server:startup_event:69 - 服务启动完成
2026-05-23 11:30:28.857 | INFO     | app_server:startup_event:70 - 上传目录: data\upload
2026-05-23 11:30:28.857 | INFO     | app_server:startup_event:71 - 输出目录: data\output
2026-05-23 11:32:10.391 | INFO     | algorithms.knowledge_graph.retriever:retrieve_wrapper:17 - 开始搜索数据库，输入: 第8山地步兵旅
2026-05-23 11:32:10.434 | INFO     | algorithms.knowledge_graph.retriever:retrieve_wrapper:25 - 任务完成，查询目标=第8山地步兵旅, 耗时=37.00089454650879
2026-05-23 11:34:33.890 | INFO     | algorithms.knowledge_graph.retriever:retrieve_wrapper:17 - 开始搜索数据库，输入: T-90S
2026-05-23 11:34:33.941 | INFO     | algorithms.knowledge_graph.retriever:retrieve_wrapper:25 - 任务完成，查询目标=T-90S, 耗时=44.04401779174805
2026-05-23 11:58:39.187 | INFO     | app_server:startup_event:69 - 服务启动完成
2026-05-23 11:58:39.187 | INFO     | app_server:startup_event:70 - 上传目录: data\upload
2026-05-23 11:58:39.188 | INFO     | app_server:startup_event:71 - 输出目录: data\output
2026-05-23 11:58:47.105 | INFO     | app_server:knowledge_graph_construction_api:82 - 收到文件: name=example.txt, type=text/plain
2026-05-23 11:58:47.107 | INFO     | app_server:knowledge_graph_construction_api:85 - 文件已保存: data\upload\upload_930ef1740a9e4e4e9e6e39ce8f75fa1e.txt
2026-05-23 12:13:15.493 | INFO     | app_server:startup_event:69 - 服务启动完成
2026-05-23 12:13:15.494 | INFO     | app_server:startup_event:70 - 上传目录: data\upload
2026-05-23 12:13:15.494 | INFO     | app_server:startup_event:71 - 输出目录: data\output
2026-05-23 12:13:20.930 | INFO     | app_server:knowledge_graph_construction_api:82 - 收到文件: name=example.txt, type=text/plain
2026-05-23 12:13:20.931 | INFO     | app_server:knowledge_graph_construction_api:85 - 文件已保存: data\upload\upload_1227d0eefd834bd1ad3b552b329c929c.txt
2026-05-23 12:16:41.490 | INFO     | app_server:knowledge_graph_construction_api:82 - 收到文件: name=example.docx, type=application/vnd.openxmlformats-officedocument.wordprocessingml.document
2026-05-23 12:16:41.491 | INFO     | app_server:knowledge_graph_construction_api:85 - 文件已保存: data\upload\upload_9b44bc29c46f4850a05af0f28a63b6e8.docx
2026-05-23 12:19:47.421 | INFO     | algorithms.knowledge_graph.retriever:retrieve_wrapper:17 - 开始搜索数据库，输入: M777
2026-05-23 12:19:47.587 | INFO     | algorithms.knowledge_graph.retriever:retrieve_wrapper:25 - 任务完成，查询目标=M777, 耗时=160.5091094970703
2026-05-23 12:27:16.996 | INFO     | app_server:startup_event:69 - 服务启动完成
2026-05-23 12:27:16.996 | INFO     | app_server:startup_event:70 - 上传目录: data\upload
2026-05-23 12:27:16.997 | INFO     | app_server:startup_event:71 - 输出目录: data\output
2026-05-23 12:27:22.077 | INFO     | app_server:knowledge_graph_construction_api:82 - 收到文件: name=example.docx, type=application/vnd.openxmlformats-officedocument.wordprocessingml.document
2026-05-23 12:27:22.086 | INFO     | app_server:knowledge_graph_construction_api:85 - 文件已保存: data\upload\upload_7aa0539ca7a64aeca020b5d5fc55f05b.docx
2026-05-23 12:31:00.997 | INFO     | algorithms.knowledge_graph.retriever:retrieve_wrapper:17 - 开始搜索数据库，输入: M777
2026-05-23 12:31:01.036 | INFO     | algorithms.knowledge_graph.retriever:retrieve_wrapper:25 - 任务完成，查询目标=M777, 耗时=35.00056266784668
2026-05-23 12:31:51.081 | INFO     | app_server:knowledge_graph_construction_api:82 - 收到文件: name=example.txt, type=text/plain
2026-05-23 12:31:51.083 | INFO     | app_server:knowledge_graph_construction_api:85 - 文件已保存: data\upload\upload_811f47fca21c405583886d72286534b3.txt
2026-05-23 12:33:18.096 | INFO     | algorithms.knowledge_graph.retriever:retrieve_wrapper:17 - 开始搜索数据库，输入: T-90S
2026-05-23 12:33:18.262 | INFO     | algorithms.knowledge_graph.retriever:retrieve_wrapper:25 - 任务完成，查询目标=T-90S, 耗时=162.99986839294434
2026-05-23 12:37:37.215 | INFO     | app_server:startup_event:69 - 服务启动完成
2026-05-23 12:37:37.216 | INFO     | app_server:startup_event:70 - 上传目录: data\upload
2026-05-23 12:37:37.216 | INFO     | app_server:startup_event:71 - 输出目录: data\output
2026-05-23 12:37:39.372 | INFO     | app_server:knowledge_graph_construction_api:82 - 收到文件: name=news.json, type=application/json
2026-05-23 12:37:39.373 | INFO     | app_server:knowledge_graph_construction_api:85 - 文件已保存: data\upload\upload_cfa0f52fa5664456a2b0180532160669.json
2026-05-23 12:37:39.374 | INFO     | app_server:knowledge_graph_construction_api:82 - 收到文件: name=example.pdf, type=application/pdf
2026-05-23 12:37:39.376 | INFO     | app_server:knowledge_graph_construction_api:85 - 文件已保存: data\upload\upload_a486bad350494e8d962e9f64fd1b36c3.pdf
2026-05-23 12:37:39.376 | INFO     | app_server:knowledge_graph_construction_api:82 - 收到文件: name=example.csv, type=text/csv
2026-05-23 12:37:39.380 | INFO     | app_server:knowledge_graph_construction_api:85 - 文件已保存: data\upload\upload_3af198189c9e4f72a7ee98d6b35100ef.csv
2026-05-23 12:38:28.786 | ERROR    | algorithms.knowledge_graph.build_kg:build_graph_from_files:831 - 处理输入文件失败: data\upload\upload_a486bad350494e8d962e9f64fd1b36c3.pdf
Traceback (most recent call last):

  File "c:\Users\nuc\Desktop\xining_kg\app_server.py", line 188, in <module>
    uvicorn.run("app_server:app", host=APP_HOST, port=APP_PORT, reload=False)
    │       │                          │              └ 5000
    │       │                          └ '0.0.0.0'
    │       └ <function run at 0x0000019BCC5AE8C0>
    └ <module 'uvicorn' from 'D:\\software\\Anaconda3\\envs\\xn\\lib\\site-packages\\uvicorn\\__init__.py'>

  File "D:\software\Anaconda3\envs\xn\lib\site-packages\uvicorn\main.py", line 620, in run
    server.run()
    │      └ <function Server.run at 0x0000019BCC580430>
    └ <uvicorn.server.Server object at 0x0000019BCC5B5B70>

  File "D:\software\Anaconda3\envs\xn\lib\site-packages\uvicorn\server.py", line 75, in run
    return asyncio_run(self.serve(sockets=sockets), loop_factory=self.config.get_loop_factory())
           │           │    │             │                      │    │      └ <function Config.get_loop_factory at 0x0000019BCC559510>
           │           │    │             │                      │    └ <uvicorn.config.Config object at 0x0000019BCC3C99C0>
           │           │    │             │                      └ <uvicorn.server.Server object at 0x0000019BCC5B5B70>
           │           │    │             └ None
           │           │    └ <function Server.serve at 0x0000019BCC5804C0>
           │           └ <uvicorn.server.Server object at 0x0000019BCC5B5B70>
           └ <function asyncio_run at 0x0000019BCC532CB0>

  File "D:\software\Anaconda3\envs\xn\lib\site-packages\uvicorn\_compat.py", line 60, in asyncio_run
    return loop.run_until_complete(main)
           │    │                  └ <coroutine object Server.serve at 0x0000019BCC566F80>
           │    └ <function BaseEventLoop.run_until_complete at 0x0000019BC9A19AB0>
           └ <ProactorEventLoop running=True closed=False debug=False>

  File "D:\software\Anaconda3\envs\xn\lib\asyncio\base_events.py", line 636, in run_until_complete
    self.run_forever()
    │    └ <function ProactorEventLoop.run_forever at 0x0000019BCB282D40>
    └ <ProactorEventLoop running=True closed=False debug=False>

  File "D:\software\Anaconda3\envs\xn\lib\asyncio\windows_events.py", line 321, in run_forever
    super().run_forever()

  File "D:\software\Anaconda3\envs\xn\lib\asyncio\base_events.py", line 603, in run_forever
    self._run_once()
    │    └ <function BaseEventLoop._run_once at 0x0000019BC9A1B520>
    └ <ProactorEventLoop running=True closed=False debug=False>

  File "D:\software\Anaconda3\envs\xn\lib\asyncio\base_events.py", line 1909, in _run_once
    handle._run()
    │      └ <function Handle._run at 0x0000019BC99BED40>
    └ <Handle Task.task_wakeup(<Future finished result=True>)>

  File "D:\software\Anaconda3\envs\xn\lib\asyncio\events.py", line 80, in _run
    self._context.run(self._callback, *self._args)
    │    │            │    │           │    └ <member '_args' of 'Handle' objects>
    │    │            │    │           └ <Handle Task.task_wakeup(<Future finished result=True>)>
    │    │            │    └ <member '_callback' of 'Handle' objects>
    │    │            └ <Handle Task.task_wakeup(<Future finished result=True>)>
    │    └ <member '_context' of 'Handle' objects>
    └ <Handle Task.task_wakeup(<Future finished result=True>)>

  File "D:\software\Anaconda3\envs\xn\lib\site-packages\uvicorn\protocols\http\h11_impl.py", line 415, in run_asgi
    result = await app(  # type: ignore[func-returns-value]
                   └ <uvicorn.middleware.proxy_headers.ProxyHeadersMiddleware object at 0x0000019BCC5B6260>

  File "D:\software\Anaconda3\envs\xn\lib\site-packages\uvicorn\middleware\proxy_headers.py", line 56, in __call__
    return await self.app(scope, receive, send)
                 │    │   │      │        └ <bound method RequestResponseCycle.send of <uvicorn.protocols.http.h11_impl.RequestResponseCycle object at 0x0000019BCC7860B0>>
                 │    │   │      └ <bound method RequestResponseCycle.receive of <uvicorn.protocols.http.h11_impl.RequestResponseCycle object at 0x0000019BCC786...
                 │    │   └ {'type': 'http', 'asgi': {'version': '3.0', 'spec_version': '2.3'}, 'http_version': '1.1', 'server': ('127.0.0.1', 5000), 'cl...
                 │    └ <fastapi.applications.FastAPI object at 0x0000019BCC549EA0>
                 └ <uvicorn.middleware.proxy_headers.ProxyHeadersMiddleware object at 0x0000019BCC5B6260>

  File "D:\software\Anaconda3\envs\xn\lib\site-packages\fastapi\applications.py", line 1134, in __call__
    await super().__call__(scope, receive, send)
                           │      │        └ <bound method RequestResponseCycle.send of <uvicorn.protocols.http.h11_impl.RequestResponseCycle object at 0x0000019BCC7860B0>>
                           │      └ <bound method RequestResponseCycle.receive of <uvicorn.protocols.http.h11_impl.RequestResponseCycle object at 0x0000019BCC786...
                           └ {'type': 'http', 'asgi': {'version': '3.0', 'spec_version': '2.3'}, 'http_version': '1.1', 'server': ('127.0.0.1', 5000), 'cl...

  File "D:\software\Anaconda3\envs\xn\lib\site-packages\starlette\applications.py", line 107, in __call__
    await self.middleware_stack(scope, receive, send)
          │    │                │      │        └ <bound method RequestResponseCycle.send of <uvicorn.protocols.http.h11_impl.RequestResponseCycle object at 0x0000019BCC7860B0>>
          │    │                │      └ <bound method RequestResponseCycle.receive of <uvicorn.protocols.http.h11_impl.RequestResponseCycle object at 0x0000019BCC786...
          │    │                └ {'type': 'http', 'asgi': {'version': '3.0', 'spec_version': '2.3'}, 'http_version': '1.1', 'server': ('127.0.0.1', 5000), 'cl...
          │    └ <starlette.middleware.errors.ServerErrorMiddleware object at 0x0000019BCC7850C0>
          └ <fastapi.applications.FastAPI object at 0x0000019BCC549EA0>

  File "D:\software\Anaconda3\envs\xn\lib\site-packages\starlette\middleware\errors.py", line 164, in __call__
    await self.app(scope, receive, _send)
          │    │   │      │        └ <function ServerErrorMiddleware.__call__.<locals>._send at 0x0000019BCC794F70>
          │    │   │      └ <bound method RequestResponseCycle.receive of <uvicorn.protocols.http.h11_impl.RequestResponseCycle object at 0x0000019BCC786...
          │    │   └ {'type': 'http', 'asgi': {'version': '3.0', 'spec_version': '2.3'}, 'http_version': '1.1', 'server': ('127.0.0.1', 5000), 'cl...
          │    └ <starlette.middleware.exceptions.ExceptionMiddleware object at 0x0000019BCC785090>
          └ <starlette.middleware.errors.ServerErrorMiddleware object at 0x0000019BCC7850C0>

  File "D:\software\Anaconda3\envs\xn\lib\site-packages\starlette\middleware\exceptions.py", line 63, in __call__
    await wrap_app_handling_exceptions(self.app, conn)(scope, receive, send)
          │                            │    │    │     │      │        └ <function ServerErrorMiddleware.__call__.<locals>._send at 0x0000019BCC794F70>
          │                            │    │    │     │      └ <bound method RequestResponseCycle.receive of <uvicorn.protocols.http.h11_impl.RequestResponseCycle object at 0x0000019BCC786...
          │                            │    │    │     └ {'type': 'http', 'asgi': {'version': '3.0', 'spec_version': '2.3'}, 'http_version': '1.1', 'server': ('127.0.0.1', 5000), 'cl...
          │                            │    │    └ <starlette.requests.Request object at 0x0000019BCC785B10>
          │                            │    └ <fastapi.middleware.asyncexitstack.AsyncExitStackMiddleware object at 0x0000019BCC785030>
          │                            └ <starlette.middleware.exceptions.ExceptionMiddleware object at 0x0000019BCC785090>
          └ <function wrap_app_handling_exceptions at 0x0000019BCC1C0CA0>

  File "D:\software\Anaconda3\envs\xn\lib\site-packages\starlette\_exception_handler.py", line 42, in wrapped_app
    await app(scope, receive, sender)
          │   │      │        └ <function wrap_app_handling_exceptions.<locals>.wrapped_app.<locals>.sender at 0x0000019BCC795000>
          │   │      └ <bound method RequestResponseCycle.receive of <uvicorn.protocols.http.h11_impl.RequestResponseCycle object at 0x0000019BCC786...
          │   └ {'type': 'http', 'asgi': {'version': '3.0', 'spec_version': '2.3'}, 'http_version': '1.1', 'server': ('127.0.0.1', 5000), 'cl...
          └ <fastapi.middleware.asyncexitstack.AsyncExitStackMiddleware object at 0x0000019BCC785030>

  File "D:\software\Anaconda3\envs\xn\lib\site-packages\fastapi\middleware\asyncexitstack.py", line 18, in __call__
    await self.app(scope, receive, send)
          │    │   │      │        └ <function wrap_app_handling_exceptions.<locals>.wrapped_app.<locals>.sender at 0x0000019BCC795000>
          │    │   │      └ <bound method RequestResponseCycle.receive of <uvicorn.protocols.http.h11_impl.RequestResponseCycle object at 0x0000019BCC786...
          │    │   └ {'type': 'http', 'asgi': {'version': '3.0', 'spec_version': '2.3'}, 'http_version': '1.1', 'server': ('127.0.0.1', 5000), 'cl...
          │    └ <fastapi.routing.APIRouter object at 0x0000019BCC5B4C10>
          └ <fastapi.middleware.asyncexitstack.AsyncExitStackMiddleware object at 0x0000019BCC785030>

  File "D:\software\Anaconda3\envs\xn\lib\site-packages\starlette\routing.py", line 716, in __call__
    await self.middleware_stack(scope, receive, send)
          │    │                │      │        └ <function wrap_app_handling_exceptions.<locals>.wrapped_app.<locals>.sender at 0x0000019BCC795000>
          │    │                │      └ <bound method RequestResponseCycle.receive of <uvicorn.protocols.http.h11_impl.RequestResponseCycle object at 0x0000019BCC786...
          │    │                └ {'type': 'http', 'asgi': {'version': '3.0', 'spec_version': '2.3'}, 'http_version': '1.1', 'server': ('127.0.0.1', 5000), 'cl...
          │    └ <bound method Router.app of <fastapi.routing.APIRouter object at 0x0000019BCC5B4C10>>
          └ <fastapi.routing.APIRouter object at 0x0000019BCC5B4C10>

  File "D:\software\Anaconda3\envs\xn\lib\site-packages\starlette\routing.py", line 736, in app
    await route.handle(scope, receive, send)
          │     │      │      │        └ <function wrap_app_handling_exceptions.<locals>.wrapped_app.<locals>.sender at 0x0000019BCC795000>
          │     │      │      └ <bound method RequestResponseCycle.receive of <uvicorn.protocols.http.h11_impl.RequestResponseCycle object at 0x0000019BCC786...
          │     │      └ {'type': 'http', 'asgi': {'version': '3.0', 'spec_version': '2.3'}, 'http_version': '1.1', 'server': ('127.0.0.1', 5000), 'cl...
          │     └ <function Route.handle at 0x0000019BCC1C2320>
          └ APIRoute(path='/api/knowledge_graph/construction', name='knowledge_graph_construction_api', methods=['POST'])

  File "D:\software\Anaconda3\envs\xn\lib\site-packages\starlette\routing.py", line 290, in handle
    await self.app(scope, receive, send)
          │    │   │      │        └ <function wrap_app_handling_exceptions.<locals>.wrapped_app.<locals>.sender at 0x0000019BCC795000>
          │    │   │      └ <bound method RequestResponseCycle.receive of <uvicorn.protocols.http.h11_impl.RequestResponseCycle object at 0x0000019BCC786...
          │    │   └ {'type': 'http', 'asgi': {'version': '3.0', 'spec_version': '2.3'}, 'http_version': '1.1', 'server': ('127.0.0.1', 5000), 'cl...
          │    └ <function request_response.<locals>.app at 0x0000019BCC5AFD00>
          └ APIRoute(path='/api/knowledge_graph/construction', name='knowledge_graph_construction_api', methods=['POST'])

  File "D:\software\Anaconda3\envs\xn\lib\site-packages\fastapi\routing.py", line 125, in app
    await wrap_app_handling_exceptions(app, request)(scope, receive, send)
          │                            │    │        │      │        └ <function wrap_app_handling_exceptions.<locals>.wrapped_app.<locals>.sender at 0x0000019BCC795000>
          │                            │    │        │      └ <bound method RequestResponseCycle.receive of <uvicorn.protocols.http.h11_impl.RequestResponseCycle object at 0x0000019BCC786...
          │                            │    │        └ {'type': 'http', 'asgi': {'version': '3.0', 'spec_version': '2.3'}, 'http_version': '1.1', 'server': ('127.0.0.1', 5000), 'cl...
          │                            │    └ <starlette.requests.Request object at 0x0000019BCC785C00>
          │                            └ <function request_response.<locals>.app.<locals>.app at 0x0000019BCC795090>
          └ <function wrap_app_handling_exceptions at 0x0000019BCC1C0CA0>

  File "D:\software\Anaconda3\envs\xn\lib\site-packages\starlette\_exception_handler.py", line 42, in wrapped_app
    await app(scope, receive, sender)
          │   │      │        └ <function wrap_app_handling_exceptions.<locals>.wrapped_app.<locals>.sender at 0x0000019BCC795120>
          │   │      └ <bound method RequestResponseCycle.receive of <uvicorn.protocols.http.h11_impl.RequestResponseCycle object at 0x0000019BCC786...
          │   └ {'type': 'http', 'asgi': {'version': '3.0', 'spec_version': '2.3'}, 'http_version': '1.1', 'server': ('127.0.0.1', 5000), 'cl...
          └ <function request_response.<locals>.app.<locals>.app at 0x0000019BCC795090>

  File "D:\software\Anaconda3\envs\xn\lib\site-packages\fastapi\routing.py", line 111, in app
    response = await f(request)
                     │ └ <starlette.requests.Request object at 0x0000019BCC785C00>
                     └ <function get_request_handler.<locals>.app at 0x0000019BCC5AFC70>

  File "D:\software\Anaconda3\envs\xn\lib\site-packages\fastapi\routing.py", line 391, in app
    raw_response = await run_endpoint_function(
                         └ <function run_endpoint_function at 0x0000019BCC1C3F40>

  File "D:\software\Anaconda3\envs\xn\lib\site-packages\fastapi\routing.py", line 290, in run_endpoint_function
    return await dependant.call(**values)
                 │         │      └ {'files': [UploadFile(filename='news.json', size=4072, headers=Headers({'content-disposition': 'form-data; name="files"; file...
                 │         └ <function knowledge_graph_construction_api at 0x0000019BCC5AF6D0>
                 └ Dependant(path_params=[], query_params=[], header_params=[], cookie_params=[], body_params=[ModelField(field_info=File(Pydant...

  File "c:\Users\nuc\Desktop\xining_kg\app_server.py", line 89, in knowledge_graph_construction_api
    result = build_knowledge_graph(saved_paths)
             │                     └ ['data\\upload\\upload_cfa0f52fa5664456a2b0180532160669.json', 'data\\upload\\upload_a486bad350494e8d962e9f64fd1b36c3.pdf', '...
             └ <function build_knowledge_graph at 0x0000019BCC809FC0>

  File "c:\Users\nuc\Desktop\xining_kg\algorithms\knowledge_graph\build_kg.py", line 850, in build_knowledge_graph
    graph_data, mechanism_events, source_summaries, failed_files = build_graph_from_files(
                                                                   └ <function build_graph_from_files at 0x0000019BCC809120>

> File "c:\Users\nuc\Desktop\xining_kg\algorithms\knowledge_graph\build_kg.py", line 823, in build_graph_from_files
    file_mechanism_events, summary = load_mechanism_events(path)
    │                                │                     └ WindowsPath('data/upload/upload_a486bad350494e8d962e9f64fd1b36c3.pdf')
    │                                └ <function load_mechanism_events at 0x0000019BCC808700>
    └ [{'事件主题': '拉达克地区中印边境对峙升级', '时间': ['2026-05-12 08:30'], '地点信息': {'规范化地名': '拉达克地区楚舒勒西南方向', '经纬度': '33°20′45″N 78°45′32″E', '海拔'...

  File "C:\Users\nuc\Desktop\xining_kg\utils\util.py", line 630, in load_mechanism_events
    mechanism_events, chunks_count = file_to_mechanism_events(path)
                                     │                        └ WindowsPath('data/upload/upload_a486bad350494e8d962e9f64fd1b36c3.pdf')
                                     └ <function file_to_mechanism_events at 0x0000019BCC808670>

  File "C:\Users\nuc\Desktop\xining_kg\utils\util.py", line 608, in file_to_mechanism_events
    return events_from_text_file(path, source_name)
           │                     │     └ 'upload_a486bad350494e8d962e9f64fd1b36c3.pdf'
           │                     └ WindowsPath('data/upload/upload_a486bad350494e8d962e9f64fd1b36c3.pdf')
           └ <function events_from_text_file at 0x0000019BCC808280>

  File "C:\Users\nuc\Desktop\xining_kg\utils\util.py", line 517, in events_from_text_file
    text = read_source_file(path)
           │                └ WindowsPath('data/upload/upload_a486bad350494e8d962e9f64fd1b36c3.pdf')
           └ <function read_source_file at 0x0000019BCC80FD90>

  File "C:\Users\nuc\Desktop\xining_kg\utils\util.py", line 390, in read_source_file
    return read_pdf_file(path)
           │             └ WindowsPath('data/upload/upload_a486bad350494e8d962e9f64fd1b36c3.pdf')
           └ <function read_pdf_file at 0x0000019BCC80FC70>

  File "C:\Users\nuc\Desktop\xining_kg\utils\util.py", line 361, in read_pdf_file
    import fitz

  File "D:\software\Anaconda3\envs\xn\lib\site-packages\fitz\__init__.py", line 1, in <module>
    from frontend import *

ModuleNotFoundError: No module named 'frontend'
2026-05-23 12:50:41.869 | INFO     | app_server:startup_event:81 - 服务启动完成
2026-05-23 12:50:41.871 | INFO     | app_server:startup_event:82 - 上传目录: data\upload
2026-05-23 12:50:41.871 | INFO     | app_server:startup_event:83 - 输出目录: data\output
2026-05-23 12:50:52.771 | INFO     | app_server:knowledge_graph_construction_api:94 - 收到文件: name=news.json, type=application/json
2026-05-23 12:50:52.773 | INFO     | app_server:knowledge_graph_construction_api:97 - 文件已保存: data\upload\upload_ddd9acc324a54f498c8e0aeaba08c58e.json
2026-05-23 12:50:52.773 | INFO     | app_server:knowledge_graph_construction_api:94 - 收到文件: name=example.pdf, type=application/pdf
2026-05-23 12:50:52.775 | INFO     | app_server:knowledge_graph_construction_api:97 - 文件已保存: data\upload\upload_2e093c7926b34b93a8190329385ddd5f.pdf
2026-05-23 12:50:52.776 | INFO     | app_server:knowledge_graph_construction_api:94 - 收到文件: name=example.md, type=text/markdown
2026-05-23 12:50:52.781 | INFO     | app_server:knowledge_graph_construction_api:97 - 文件已保存: data\upload\upload_8d2491d183114754aa98a548600e2854.md
2026-05-23 12:51:33.436 | ERROR    | algorithms.knowledge_graph.build_kg:build_graph_from_files:832 - 处理输入文件失败: data\upload\upload_2e093c7926b34b93a8190329385ddd5f.pdf
Traceback (most recent call last):

  File "c:\Users\nuc\Desktop\xining_kg\app_server.py", line 200, in <module>
    uvicorn.run("app_server:app", host=APP_HOST, port=APP_PORT, reload=False)
    │       │                          │              └ 5000
    │       │                          └ '0.0.0.0'
    │       └ <function run at 0x000002554E27AA70>
    └ <module 'uvicorn' from 'D:\\software\\Anaconda3\\envs\\xn\\lib\\site-packages\\uvicorn\\__init__.py'>

  File "D:\software\Anaconda3\envs\xn\lib\site-packages\uvicorn\main.py", line 620, in run
    server.run()
    │      └ <function Server.run at 0x000002554E24C5E0>
    └ <uvicorn.server.Server object at 0x000002554E4084C0>

  File "D:\software\Anaconda3\envs\xn\lib\site-packages\uvicorn\server.py", line 75, in run
    return asyncio_run(self.serve(sockets=sockets), loop_factory=self.config.get_loop_factory())
           │           │    │             │                      │    │      └ <function Config.get_loop_factory at 0x000002554E2296C0>
           │           │    │             │                      │    └ <uvicorn.config.Config object at 0x000002554E0B87C0>
           │           │    │             │                      └ <uvicorn.server.Server object at 0x000002554E4084C0>
           │           │    │             └ None
           │           │    └ <function Server.serve at 0x000002554E24C670>
           │           └ <uvicorn.server.Server object at 0x000002554E4084C0>
           └ <function asyncio_run at 0x000002554E202E60>

  File "D:\software\Anaconda3\envs\xn\lib\site-packages\uvicorn\_compat.py", line 60, in asyncio_run
    return loop.run_until_complete(main)
           │    │                  └ <coroutine object Server.serve at 0x000002554E237140>
           │    └ <function BaseEventLoop.run_until_complete at 0x000002554B6E9A20>
           └ <ProactorEventLoop running=True closed=False debug=False>

  File "D:\software\Anaconda3\envs\xn\lib\asyncio\base_events.py", line 636, in run_until_complete
    self.run_forever()
    │    └ <function ProactorEventLoop.run_forever at 0x000002554CF5ACB0>
    └ <ProactorEventLoop running=True closed=False debug=False>

  File "D:\software\Anaconda3\envs\xn\lib\asyncio\windows_events.py", line 321, in run_forever
    super().run_forever()

  File "D:\software\Anaconda3\envs\xn\lib\asyncio\base_events.py", line 603, in run_forever
    self._run_once()
    │    └ <function BaseEventLoop._run_once at 0x000002554B6EB490>
    └ <ProactorEventLoop running=True closed=False debug=False>

  File "D:\software\Anaconda3\envs\xn\lib\asyncio\base_events.py", line 1909, in _run_once
    handle._run()
    │      └ <function Handle._run at 0x000002554B68ECB0>
    └ <Handle Task.task_wakeup(<Future finished result=True>)>

  File "D:\software\Anaconda3\envs\xn\lib\asyncio\events.py", line 80, in _run
    self._context.run(self._callback, *self._args)
    │    │            │    │           │    └ <member '_args' of 'Handle' objects>
    │    │            │    │           └ <Handle Task.task_wakeup(<Future finished result=True>)>
    │    │            │    └ <member '_callback' of 'Handle' objects>
    │    │            └ <Handle Task.task_wakeup(<Future finished result=True>)>
    │    └ <member '_context' of 'Handle' objects>
    └ <Handle Task.task_wakeup(<Future finished result=True>)>

  File "D:\software\Anaconda3\envs\xn\lib\site-packages\uvicorn\protocols\http\h11_impl.py", line 415, in run_asgi
    result = await app(  # type: ignore[func-returns-value]
                   └ <uvicorn.middleware.proxy_headers.ProxyHeadersMiddleware object at 0x000002554E40AC50>

  File "D:\software\Anaconda3\envs\xn\lib\site-packages\uvicorn\middleware\proxy_headers.py", line 56, in __call__
    return await self.app(scope, receive, send)
                 │    │   │      │        └ <bound method RequestResponseCycle.send of <uvicorn.protocols.http.h11_impl.RequestResponseCycle object at 0x000002554E4529E0>>
                 │    │   │      └ <bound method RequestResponseCycle.receive of <uvicorn.protocols.http.h11_impl.RequestResponseCycle object at 0x000002554E452...
                 │    │   └ {'type': 'http', 'asgi': {'version': '3.0', 'spec_version': '2.3'}, 'http_version': '1.1', 'server': ('127.0.0.1', 5000), 'cl...
                 │    └ <fastapi.applications.FastAPI object at 0x000002554E408040>
                 └ <uvicorn.middleware.proxy_headers.ProxyHeadersMiddleware object at 0x000002554E40AC50>

  File "D:\software\Anaconda3\envs\xn\lib\site-packages\fastapi\applications.py", line 1134, in __call__
    await super().__call__(scope, receive, send)
                           │      │        └ <bound method RequestResponseCycle.send of <uvicorn.protocols.http.h11_impl.RequestResponseCycle object at 0x000002554E4529E0>>
                           │      └ <bound method RequestResponseCycle.receive of <uvicorn.protocols.http.h11_impl.RequestResponseCycle object at 0x000002554E452...
                           └ {'type': 'http', 'asgi': {'version': '3.0', 'spec_version': '2.3'}, 'http_version': '1.1', 'server': ('127.0.0.1', 5000), 'cl...

  File "D:\software\Anaconda3\envs\xn\lib\site-packages\starlette\applications.py", line 107, in __call__
    await self.middleware_stack(scope, receive, send)
          │    │                │      │        └ <bound method RequestResponseCycle.send of <uvicorn.protocols.http.h11_impl.RequestResponseCycle object at 0x000002554E4529E0>>
          │    │                │      └ <bound method RequestResponseCycle.receive of <uvicorn.protocols.http.h11_impl.RequestResponseCycle object at 0x000002554E452...
          │    │                └ {'type': 'http', 'asgi': {'version': '3.0', 'spec_version': '2.3'}, 'http_version': '1.1', 'server': ('127.0.0.1', 5000), 'cl...
          │    └ <starlette.middleware.errors.ServerErrorMiddleware object at 0x000002554E4519F0>
          └ <fastapi.applications.FastAPI object at 0x000002554E408040>

  File "D:\software\Anaconda3\envs\xn\lib\site-packages\starlette\middleware\errors.py", line 164, in __call__
    await self.app(scope, receive, _send)
          │    │   │      │        └ <function ServerErrorMiddleware.__call__.<locals>._send at 0x000002554E465120>
          │    │   │      └ <bound method RequestResponseCycle.receive of <uvicorn.protocols.http.h11_impl.RequestResponseCycle object at 0x000002554E452...
          │    │   └ {'type': 'http', 'asgi': {'version': '3.0', 'spec_version': '2.3'}, 'http_version': '1.1', 'server': ('127.0.0.1', 5000), 'cl...
          │    └ <starlette.middleware.exceptions.ExceptionMiddleware object at 0x000002554E4519C0>
          └ <starlette.middleware.errors.ServerErrorMiddleware object at 0x000002554E4519F0>

  File "D:\software\Anaconda3\envs\xn\lib\site-packages\starlette\middleware\exceptions.py", line 63, in __call__
    await wrap_app_handling_exceptions(self.app, conn)(scope, receive, send)
          │                            │    │    │     │      │        └ <function ServerErrorMiddleware.__call__.<locals>._send at 0x000002554E465120>
          │                            │    │    │     │      └ <bound method RequestResponseCycle.receive of <uvicorn.protocols.http.h11_impl.RequestResponseCycle object at 0x000002554E452...
          │                            │    │    │     └ {'type': 'http', 'asgi': {'version': '3.0', 'spec_version': '2.3'}, 'http_version': '1.1', 'server': ('127.0.0.1', 5000), 'cl...
          │                            │    │    └ <starlette.requests.Request object at 0x000002554E452440>
          │                            │    └ <fastapi.middleware.asyncexitstack.AsyncExitStackMiddleware object at 0x000002554E451960>
          │                            └ <starlette.middleware.exceptions.ExceptionMiddleware object at 0x000002554E4519C0>
          └ <function wrap_app_handling_exceptions at 0x000002554DE94C10>

  File "D:\software\Anaconda3\envs\xn\lib\site-packages\starlette\_exception_handler.py", line 42, in wrapped_app
    await app(scope, receive, sender)
          │   │      │        └ <function wrap_app_handling_exceptions.<locals>.wrapped_app.<locals>.sender at 0x000002554E4651B0>
          │   │      └ <bound method RequestResponseCycle.receive of <uvicorn.protocols.http.h11_impl.RequestResponseCycle object at 0x000002554E452...
          │   └ {'type': 'http', 'asgi': {'version': '3.0', 'spec_version': '2.3'}, 'http_version': '1.1', 'server': ('127.0.0.1', 5000), 'cl...
          └ <fastapi.middleware.asyncexitstack.AsyncExitStackMiddleware object at 0x000002554E451960>

  File "D:\software\Anaconda3\envs\xn\lib\site-packages\fastapi\middleware\asyncexitstack.py", line 18, in __call__
    await self.app(scope, receive, send)
          │    │   │      │        └ <function wrap_app_handling_exceptions.<locals>.wrapped_app.<locals>.sender at 0x000002554E4651B0>
          │    │   │      └ <bound method RequestResponseCycle.receive of <uvicorn.protocols.http.h11_impl.RequestResponseCycle object at 0x000002554E452...
          │    │   └ {'type': 'http', 'asgi': {'version': '3.0', 'spec_version': '2.3'}, 'http_version': '1.1', 'server': ('127.0.0.1', 5000), 'cl...
          │    └ <fastapi.routing.APIRouter object at 0x000002554E408160>
          └ <fastapi.middleware.asyncexitstack.AsyncExitStackMiddleware object at 0x000002554E451960>

  File "D:\software\Anaconda3\envs\xn\lib\site-packages\starlette\routing.py", line 716, in __call__
    await self.middleware_stack(scope, receive, send)
          │    │                │      │        └ <function wrap_app_handling_exceptions.<locals>.wrapped_app.<locals>.sender at 0x000002554E4651B0>
          │    │                │      └ <bound method RequestResponseCycle.receive of <uvicorn.protocols.http.h11_impl.RequestResponseCycle object at 0x000002554E452...
          │    │                └ {'type': 'http', 'asgi': {'version': '3.0', 'spec_version': '2.3'}, 'http_version': '1.1', 'server': ('127.0.0.1', 5000), 'cl...
          │    └ <bound method Router.app of <fastapi.routing.APIRouter object at 0x000002554E408160>>
          └ <fastapi.routing.APIRouter object at 0x000002554E408160>

  File "D:\software\Anaconda3\envs\xn\lib\site-packages\starlette\routing.py", line 736, in app
    await route.handle(scope, receive, send)
          │     │      │      │        └ <function wrap_app_handling_exceptions.<locals>.wrapped_app.<locals>.sender at 0x000002554E4651B0>
          │     │      │      └ <bound method RequestResponseCycle.receive of <uvicorn.protocols.http.h11_impl.RequestResponseCycle object at 0x000002554E452...
          │     │      └ {'type': 'http', 'asgi': {'version': '3.0', 'spec_version': '2.3'}, 'http_version': '1.1', 'server': ('127.0.0.1', 5000), 'cl...
          │     └ <function Route.handle at 0x000002554DE96290>
          └ APIRoute(path='/api/knowledge_graph/construction', name='knowledge_graph_construction_api', methods=['POST'])

  File "D:\software\Anaconda3\envs\xn\lib\site-packages\starlette\routing.py", line 290, in handle
    await self.app(scope, receive, send)
          │    │   │      │        └ <function wrap_app_handling_exceptions.<locals>.wrapped_app.<locals>.sender at 0x000002554E4651B0>
          │    │   │      └ <bound method RequestResponseCycle.receive of <uvicorn.protocols.http.h11_impl.RequestResponseCycle object at 0x000002554E452...
          │    │   └ {'type': 'http', 'asgi': {'version': '3.0', 'spec_version': '2.3'}, 'http_version': '1.1', 'server': ('127.0.0.1', 5000), 'cl...
          │    └ <function request_response.<locals>.app at 0x000002554E27BE20>
          └ APIRoute(path='/api/knowledge_graph/construction', name='knowledge_graph_construction_api', methods=['POST'])

  File "D:\software\Anaconda3\envs\xn\lib\site-packages\fastapi\routing.py", line 125, in app
    await wrap_app_handling_exceptions(app, request)(scope, receive, send)
          │                            │    │        │      │        └ <function wrap_app_handling_exceptions.<locals>.wrapped_app.<locals>.sender at 0x000002554E4651B0>
          │                            │    │        │      └ <bound method RequestResponseCycle.receive of <uvicorn.protocols.http.h11_impl.RequestResponseCycle object at 0x000002554E452...
          │                            │    │        └ {'type': 'http', 'asgi': {'version': '3.0', 'spec_version': '2.3'}, 'http_version': '1.1', 'server': ('127.0.0.1', 5000), 'cl...
          │                            │    └ <starlette.requests.Request object at 0x000002554E452530>
          │                            └ <function request_response.<locals>.app.<locals>.app at 0x000002554E465240>
          └ <function wrap_app_handling_exceptions at 0x000002554DE94C10>

  File "D:\software\Anaconda3\envs\xn\lib\site-packages\starlette\_exception_handler.py", line 42, in wrapped_app
    await app(scope, receive, sender)
          │   │      │        └ <function wrap_app_handling_exceptions.<locals>.wrapped_app.<locals>.sender at 0x000002554E4652D0>
          │   │      └ <bound method RequestResponseCycle.receive of <uvicorn.protocols.http.h11_impl.RequestResponseCycle object at 0x000002554E452...
          │   └ {'type': 'http', 'asgi': {'version': '3.0', 'spec_version': '2.3'}, 'http_version': '1.1', 'server': ('127.0.0.1', 5000), 'cl...
          └ <function request_response.<locals>.app.<locals>.app at 0x000002554E465240>

  File "D:\software\Anaconda3\envs\xn\lib\site-packages\fastapi\routing.py", line 111, in app
    response = await f(request)
                     │ └ <starlette.requests.Request object at 0x000002554E452530>
                     └ <function get_request_handler.<locals>.app at 0x000002554E27BD90>

  File "D:\software\Anaconda3\envs\xn\lib\site-packages\fastapi\routing.py", line 391, in app
    raw_response = await run_endpoint_function(
                         └ <function run_endpoint_function at 0x000002554DE97EB0>

  File "D:\software\Anaconda3\envs\xn\lib\site-packages\fastapi\routing.py", line 290, in run_endpoint_function
    return await dependant.call(**values)
                 │         │      └ {'files': [UploadFile(filename='news.json', size=4072, headers=Headers({'content-disposition': 'form-data; name="files"; file...
                 │         └ <function knowledge_graph_construction_api at 0x000002554E27B880>
                 └ Dependant(path_params=[], query_params=[], header_params=[], cookie_params=[], body_params=[ModelField(field_info=File(Pydant...

  File "c:\Users\nuc\Desktop\xining_kg\app_server.py", line 101, in knowledge_graph_construction_api
    result = build_knowledge_graph(saved_paths, show_progress=SHOW_FILE_PROGRESS)
             │                     │                          └ True
             │                     └ ['data\\upload\\upload_ddd9acc324a54f498c8e0aeaba08c58e.json', 'data\\upload\\upload_2e093c7926b34b93a8190329385ddd5f.pdf', '...
             └ <function build_knowledge_graph at 0x000002554E514E50>

  File "c:\Users\nuc\Desktop\xining_kg\algorithms\knowledge_graph\build_kg.py", line 852, in build_knowledge_graph
    graph_data, mechanism_events, source_summaries, failed_files = build_graph_from_files(
                                                                   └ <function build_graph_from_files at 0x000002554E513F40>

> File "c:\Users\nuc\Desktop\xining_kg\algorithms\knowledge_graph\build_kg.py", line 824, in build_graph_from_files
    file_mechanism_events, summary = load_mechanism_events(path)
    │                                │                     └ WindowsPath('data/upload/upload_2e093c7926b34b93a8190329385ddd5f.pdf')
    │                                └ <function load_mechanism_events at 0x000002554E513520>
    └ [{'事件主题': '拉达克地区中印边境对峙升级', '时间': ['2026-05-12 08:30'], '地点信息': {'规范化地名': '拉达克地区楚舒勒西南方向', '经纬度': '33°20′45″N 78°45′32″E', '海拔'...

  File "C:\Users\nuc\Desktop\xining_kg\utils\util.py", line 630, in load_mechanism_events
    mechanism_events, chunks_count = file_to_mechanism_events(path)
                                     │                        └ WindowsPath('data/upload/upload_2e093c7926b34b93a8190329385ddd5f.pdf')
                                     └ <function file_to_mechanism_events at 0x000002554E513490>

  File "C:\Users\nuc\Desktop\xining_kg\utils\util.py", line 608, in file_to_mechanism_events
    return events_from_text_file(path, source_name)
           │                     │     └ 'upload_2e093c7926b34b93a8190329385ddd5f.pdf'
           │                     └ WindowsPath('data/upload/upload_2e093c7926b34b93a8190329385ddd5f.pdf')
           └ <function events_from_text_file at 0x000002554E5130A0>

  File "C:\Users\nuc\Desktop\xining_kg\utils\util.py", line 517, in events_from_text_file
    text = read_source_file(path)
           │                └ WindowsPath('data/upload/upload_2e093c7926b34b93a8190329385ddd5f.pdf')
           └ <function read_source_file at 0x000002554E512C20>

  File "C:\Users\nuc\Desktop\xining_kg\utils\util.py", line 390, in read_source_file
    return read_pdf_file(path)
           │             └ WindowsPath('data/upload/upload_2e093c7926b34b93a8190329385ddd5f.pdf')
           └ <function read_pdf_file at 0x000002554E512B00>

  File "C:\Users\nuc\Desktop\xining_kg\utils\util.py", line 361, in read_pdf_file
    import fitz

  File "D:\software\Anaconda3\envs\xn\lib\site-packages\fitz\__init__.py", line 1, in <module>
    from frontend import *

ModuleNotFoundError: No module named 'frontend'
2026-05-23 12:52:37.350 | INFO     | app_server:startup_event:81 - 服务启动完成
2026-05-23 12:52:37.350 | INFO     | app_server:startup_event:82 - 上传目录: data\upload
2026-05-23 12:52:37.350 | INFO     | app_server:startup_event:83 - 输出目录: data\output
2026-05-23 12:52:39.992 | INFO     | app_server:knowledge_graph_construction_api:94 - 收到文件: name=news.json, type=application/json
2026-05-23 12:52:39.997 | INFO     | app_server:knowledge_graph_construction_api:97 - 文件已保存: data\upload\upload_8603f82b01c44502ac63b88d2c50e7af.json
2026-05-23 12:52:39.999 | INFO     | app_server:knowledge_graph_construction_api:94 - 收到文件: name=example.pdf, type=application/pdf
2026-05-23 12:52:40.012 | INFO     | app_server:knowledge_graph_construction_api:97 - 文件已保存: data\upload\upload_5cb6f03074184b6180d711ee25430b4d.pdf
2026-05-23 12:52:40.016 | INFO     | app_server:knowledge_graph_construction_api:94 - 收到文件: name=example.md, type=text/markdown
2026-05-23 12:52:40.020 | INFO     | app_server:knowledge_graph_construction_api:97 - 文件已保存: data\upload\upload_ca1d306fa75d496d9be1bb817ee5f42f.md
2026-05-23 12:53:27.472 | ERROR    | algorithms.knowledge_graph.build_kg:build_graph_from_files:832 - 处理输入文件失败: data\upload\upload_5cb6f03074184b6180d711ee25430b4d.pdf
Traceback (most recent call last):

  File "c:\Users\nuc\Desktop\xining_kg\app_server.py", line 200, in <module>
    uvicorn.run("app_server:app", host=APP_HOST, port=APP_PORT, reload=False)
    │       │                          │              └ 5000
    │       │                          └ '0.0.0.0'
    │       └ <function run at 0x000001DA551BAA70>
    └ <module 'uvicorn' from 'D:\\software\\Anaconda3\\envs\\xn\\lib\\site-packages\\uvicorn\\__init__.py'>

  File "D:\software\Anaconda3\envs\xn\lib\site-packages\uvicorn\main.py", line 620, in run
    server.run()
    │      └ <function Server.run at 0x000001DA551945E0>
    └ <uvicorn.server.Server object at 0x000001DA5519F1F0>

  File "D:\software\Anaconda3\envs\xn\lib\site-packages\uvicorn\server.py", line 75, in run
    return asyncio_run(self.serve(sockets=sockets), loop_factory=self.config.get_loop_factory())
           │           │    │             │                      │    │      └ <function Config.get_loop_factory at 0x000001DA551696C0>
           │           │    │             │                      │    └ <uvicorn.config.Config object at 0x000001DA54FF87C0>
           │           │    │             │                      └ <uvicorn.server.Server object at 0x000001DA5519F1F0>
           │           │    │             └ None
           │           │    └ <function Server.serve at 0x000001DA55194670>
           │           └ <uvicorn.server.Server object at 0x000001DA5519F1F0>
           └ <function asyncio_run at 0x000001DA55142E60>

  File "D:\software\Anaconda3\envs\xn\lib\site-packages\uvicorn\_compat.py", line 60, in asyncio_run
    return loop.run_until_complete(main)
           │    │                  └ <coroutine object Server.serve at 0x000001DA55177060>
           │    └ <function BaseEventLoop.run_until_complete at 0x000001DA52629A20>
           └ <ProactorEventLoop running=True closed=False debug=False>

  File "D:\software\Anaconda3\envs\xn\lib\asyncio\base_events.py", line 636, in run_until_complete
    self.run_forever()
    │    └ <function ProactorEventLoop.run_forever at 0x000001DA53E9ACB0>
    └ <ProactorEventLoop running=True closed=False debug=False>

  File "D:\software\Anaconda3\envs\xn\lib\asyncio\windows_events.py", line 321, in run_forever
    super().run_forever()

  File "D:\software\Anaconda3\envs\xn\lib\asyncio\base_events.py", line 603, in run_forever
    self._run_once()
    │    └ <function BaseEventLoop._run_once at 0x000001DA5262B490>
    └ <ProactorEventLoop running=True closed=False debug=False>

  File "D:\software\Anaconda3\envs\xn\lib\asyncio\base_events.py", line 1909, in _run_once
    handle._run()
    │      └ <function Handle._run at 0x000001DA525CECB0>
    └ <Handle Task.task_wakeup(<Future finished result=True>)>

  File "D:\software\Anaconda3\envs\xn\lib\asyncio\events.py", line 80, in _run
    self._context.run(self._callback, *self._args)
    │    │            │    │           │    └ <member '_args' of 'Handle' objects>
    │    │            │    │           └ <Handle Task.task_wakeup(<Future finished result=True>)>
    │    │            │    └ <member '_callback' of 'Handle' objects>
    │    │            └ <Handle Task.task_wakeup(<Future finished result=True>)>
    │    └ <member '_context' of 'Handle' objects>
    └ <Handle Task.task_wakeup(<Future finished result=True>)>

  File "D:\software\Anaconda3\envs\xn\lib\site-packages\uvicorn\protocols\http\h11_impl.py", line 415, in run_asgi
    result = await app(  # type: ignore[func-returns-value]
                   └ <uvicorn.middleware.proxy_headers.ProxyHeadersMiddleware object at 0x000001DA551CAB60>

  File "D:\software\Anaconda3\envs\xn\lib\site-packages\uvicorn\middleware\proxy_headers.py", line 56, in __call__
    return await self.app(scope, receive, send)
                 │    │   │      │        └ <bound method RequestResponseCycle.send of <uvicorn.protocols.http.h11_impl.RequestResponseCycle object at 0x000001DA553A29E0>>
                 │    │   │      └ <bound method RequestResponseCycle.receive of <uvicorn.protocols.http.h11_impl.RequestResponseCycle object at 0x000001DA553A2...
                 │    │   └ {'type': 'http', 'asgi': {'version': '3.0', 'spec_version': '2.3'}, 'http_version': '1.1', 'server': ('127.0.0.1', 5000), 'cl...
                 │    └ <fastapi.applications.FastAPI object at 0x000001DA54FF8550>
                 └ <uvicorn.middleware.proxy_headers.ProxyHeadersMiddleware object at 0x000001DA551CAB60>

  File "D:\software\Anaconda3\envs\xn\lib\site-packages\fastapi\applications.py", line 1134, in __call__
    await super().__call__(scope, receive, send)
                           │      │        └ <bound method RequestResponseCycle.send of <uvicorn.protocols.http.h11_impl.RequestResponseCycle object at 0x000001DA553A29E0>>
                           │      └ <bound method RequestResponseCycle.receive of <uvicorn.protocols.http.h11_impl.RequestResponseCycle object at 0x000001DA553A2...
                           └ {'type': 'http', 'asgi': {'version': '3.0', 'spec_version': '2.3'}, 'http_version': '1.1', 'server': ('127.0.0.1', 5000), 'cl...

  File "D:\software\Anaconda3\envs\xn\lib\site-packages\starlette\applications.py", line 107, in __call__
    await self.middleware_stack(scope, receive, send)
          │    │                │      │        └ <bound method RequestResponseCycle.send of <uvicorn.protocols.http.h11_impl.RequestResponseCycle object at 0x000001DA553A29E0>>
          │    │                │      └ <bound method RequestResponseCycle.receive of <uvicorn.protocols.http.h11_impl.RequestResponseCycle object at 0x000001DA553A2...
          │    │                └ {'type': 'http', 'asgi': {'version': '3.0', 'spec_version': '2.3'}, 'http_version': '1.1', 'server': ('127.0.0.1', 5000), 'cl...
          │    └ <starlette.middleware.errors.ServerErrorMiddleware object at 0x000001DA553A19F0>
          └ <fastapi.applications.FastAPI object at 0x000001DA54FF8550>

  File "D:\software\Anaconda3\envs\xn\lib\site-packages\starlette\middleware\errors.py", line 164, in __call__
    await self.app(scope, receive, _send)
          │    │   │      │        └ <function ServerErrorMiddleware.__call__.<locals>._send at 0x000001DA553B5120>
          │    │   │      └ <bound method RequestResponseCycle.receive of <uvicorn.protocols.http.h11_impl.RequestResponseCycle object at 0x000001DA553A2...
          │    │   └ {'type': 'http', 'asgi': {'version': '3.0', 'spec_version': '2.3'}, 'http_version': '1.1', 'server': ('127.0.0.1', 5000), 'cl...
          │    └ <starlette.middleware.exceptions.ExceptionMiddleware object at 0x000001DA553A19C0>
          └ <starlette.middleware.errors.ServerErrorMiddleware object at 0x000001DA553A19F0>

  File "D:\software\Anaconda3\envs\xn\lib\site-packages\starlette\middleware\exceptions.py", line 63, in __call__
    await wrap_app_handling_exceptions(self.app, conn)(scope, receive, send)
          │                            │    │    │     │      │        └ <function ServerErrorMiddleware.__call__.<locals>._send at 0x000001DA553B5120>
          │                            │    │    │     │      └ <bound method RequestResponseCycle.receive of <uvicorn.protocols.http.h11_impl.RequestResponseCycle object at 0x000001DA553A2...
          │                            │    │    │     └ {'type': 'http', 'asgi': {'version': '3.0', 'spec_version': '2.3'}, 'http_version': '1.1', 'server': ('127.0.0.1', 5000), 'cl...
          │                            │    │    └ <starlette.requests.Request object at 0x000001DA553A2440>
          │                            │    └ <fastapi.middleware.asyncexitstack.AsyncExitStackMiddleware object at 0x000001DA553A1960>
          │                            └ <starlette.middleware.exceptions.ExceptionMiddleware object at 0x000001DA553A19C0>
          └ <function wrap_app_handling_exceptions at 0x000001DA54DD4C10>

  File "D:\software\Anaconda3\envs\xn\lib\site-packages\starlette\_exception_handler.py", line 42, in wrapped_app
    await app(scope, receive, sender)
          │   │      │        └ <function wrap_app_handling_exceptions.<locals>.wrapped_app.<locals>.sender at 0x000001DA553B51B0>
          │   │      └ <bound method RequestResponseCycle.receive of <uvicorn.protocols.http.h11_impl.RequestResponseCycle object at 0x000001DA553A2...
          │   └ {'type': 'http', 'asgi': {'version': '3.0', 'spec_version': '2.3'}, 'http_version': '1.1', 'server': ('127.0.0.1', 5000), 'cl...
          └ <fastapi.middleware.asyncexitstack.AsyncExitStackMiddleware object at 0x000001DA553A1960>

  File "D:\software\Anaconda3\envs\xn\lib\site-packages\fastapi\middleware\asyncexitstack.py", line 18, in __call__
    await self.app(scope, receive, send)
          │    │   │      │        └ <function wrap_app_handling_exceptions.<locals>.wrapped_app.<locals>.sender at 0x000001DA553B51B0>
          │    │   │      └ <bound method RequestResponseCycle.receive of <uvicorn.protocols.http.h11_impl.RequestResponseCycle object at 0x000001DA553A2...
          │    │   └ {'type': 'http', 'asgi': {'version': '3.0', 'spec_version': '2.3'}, 'http_version': '1.1', 'server': ('127.0.0.1', 5000), 'cl...
          │    └ <fastapi.routing.APIRouter object at 0x000001DA5519F340>
          └ <fastapi.middleware.asyncexitstack.AsyncExitStackMiddleware object at 0x000001DA553A1960>

  File "D:\software\Anaconda3\envs\xn\lib\site-packages\starlette\routing.py", line 716, in __call__
    await self.middleware_stack(scope, receive, send)
          │    │                │      │        └ <function wrap_app_handling_exceptions.<locals>.wrapped_app.<locals>.sender at 0x000001DA553B51B0>
          │    │                │      └ <bound method RequestResponseCycle.receive of <uvicorn.protocols.http.h11_impl.RequestResponseCycle object at 0x000001DA553A2...
          │    │                └ {'type': 'http', 'asgi': {'version': '3.0', 'spec_version': '2.3'}, 'http_version': '1.1', 'server': ('127.0.0.1', 5000), 'cl...
          │    └ <bound method Router.app of <fastapi.routing.APIRouter object at 0x000001DA5519F340>>
          └ <fastapi.routing.APIRouter object at 0x000001DA5519F340>

  File "D:\software\Anaconda3\envs\xn\lib\site-packages\starlette\routing.py", line 736, in app
    await route.handle(scope, receive, send)
          │     │      │      │        └ <function wrap_app_handling_exceptions.<locals>.wrapped_app.<locals>.sender at 0x000001DA553B51B0>
          │     │      │      └ <bound method RequestResponseCycle.receive of <uvicorn.protocols.http.h11_impl.RequestResponseCycle object at 0x000001DA553A2...
          │     │      └ {'type': 'http', 'asgi': {'version': '3.0', 'spec_version': '2.3'}, 'http_version': '1.1', 'server': ('127.0.0.1', 5000), 'cl...
          │     └ <function Route.handle at 0x000001DA54DD6290>
          └ APIRoute(path='/api/knowledge_graph/construction', name='knowledge_graph_construction_api', methods=['POST'])

  File "D:\software\Anaconda3\envs\xn\lib\site-packages\starlette\routing.py", line 290, in handle
    await self.app(scope, receive, send)
          │    │   │      │        └ <function wrap_app_handling_exceptions.<locals>.wrapped_app.<locals>.sender at 0x000001DA553B51B0>
          │    │   │      └ <bound method RequestResponseCycle.receive of <uvicorn.protocols.http.h11_impl.RequestResponseCycle object at 0x000001DA553A2...
          │    │   └ {'type': 'http', 'asgi': {'version': '3.0', 'spec_version': '2.3'}, 'http_version': '1.1', 'server': ('127.0.0.1', 5000), 'cl...
          │    └ <function request_response.<locals>.app at 0x000001DA551BBD00>
          └ APIRoute(path='/api/knowledge_graph/construction', name='knowledge_graph_construction_api', methods=['POST'])

  File "D:\software\Anaconda3\envs\xn\lib\site-packages\fastapi\routing.py", line 125, in app
    await wrap_app_handling_exceptions(app, request)(scope, receive, send)
          │                            │    │        │      │        └ <function wrap_app_handling_exceptions.<locals>.wrapped_app.<locals>.sender at 0x000001DA553B51B0>
          │                            │    │        │      └ <bound method RequestResponseCycle.receive of <uvicorn.protocols.http.h11_impl.RequestResponseCycle object at 0x000001DA553A2...
          │                            │    │        └ {'type': 'http', 'asgi': {'version': '3.0', 'spec_version': '2.3'}, 'http_version': '1.1', 'server': ('127.0.0.1', 5000), 'cl...
          │                            │    └ <starlette.requests.Request object at 0x000001DA553A2530>
          │                            └ <function request_response.<locals>.app.<locals>.app at 0x000001DA553B5240>
          └ <function wrap_app_handling_exceptions at 0x000001DA54DD4C10>

  File "D:\software\Anaconda3\envs\xn\lib\site-packages\starlette\_exception_handler.py", line 42, in wrapped_app
    await app(scope, receive, sender)
          │   │      │        └ <function wrap_app_handling_exceptions.<locals>.wrapped_app.<locals>.sender at 0x000001DA553B52D0>
          │   │      └ <bound method RequestResponseCycle.receive of <uvicorn.protocols.http.h11_impl.RequestResponseCycle object at 0x000001DA553A2...
          │   └ {'type': 'http', 'asgi': {'version': '3.0', 'spec_version': '2.3'}, 'http_version': '1.1', 'server': ('127.0.0.1', 5000), 'cl...
          └ <function request_response.<locals>.app.<locals>.app at 0x000001DA553B5240>

  File "D:\software\Anaconda3\envs\xn\lib\site-packages\fastapi\routing.py", line 111, in app
    response = await f(request)
                     │ └ <starlette.requests.Request object at 0x000001DA553A2530>
                     └ <function get_request_handler.<locals>.app at 0x000001DA551BBC70>

  File "D:\software\Anaconda3\envs\xn\lib\site-packages\fastapi\routing.py", line 391, in app
    raw_response = await run_endpoint_function(
                         └ <function run_endpoint_function at 0x000001DA54DD7EB0>

  File "D:\software\Anaconda3\envs\xn\lib\site-packages\fastapi\routing.py", line 290, in run_endpoint_function
    return await dependant.call(**values)
                 │         │      └ {'files': [UploadFile(filename='news.json', size=4072, headers=Headers({'content-disposition': 'form-data; name="files"; file...
                 │         └ <function knowledge_graph_construction_api at 0x000001DA551BB760>
                 └ Dependant(path_params=[], query_params=[], header_params=[], cookie_params=[], body_params=[ModelField(field_info=File(Pydant...

  File "c:\Users\nuc\Desktop\xining_kg\app_server.py", line 101, in knowledge_graph_construction_api
    result = build_knowledge_graph(saved_paths, show_progress=SHOW_FILE_PROGRESS)
             │                     │                          └ True
             │                     └ ['data\\upload\\upload_8603f82b01c44502ac63b88d2c50e7af.json', 'data\\upload\\upload_5cb6f03074184b6180d711ee25430b4d.pdf', '...
             └ <function build_knowledge_graph at 0x000001DA55494D30>

  File "c:\Users\nuc\Desktop\xining_kg\algorithms\knowledge_graph\build_kg.py", line 852, in build_knowledge_graph
    graph_data, mechanism_events, source_summaries, failed_files = build_graph_from_files(
                                                                   └ <function build_graph_from_files at 0x000001DA5547BE20>

> File "c:\Users\nuc\Desktop\xining_kg\algorithms\knowledge_graph\build_kg.py", line 824, in build_graph_from_files
    file_mechanism_events, summary = load_mechanism_events(path)
    │                                │                     └ WindowsPath('data/upload/upload_5cb6f03074184b6180d711ee25430b4d.pdf')
    │                                └ <function load_mechanism_events at 0x000001DA5547B400>
    └ [{'事件主题': '拉达克地区中印边境对峙升级', '时间': ['2026-05-12 08:30'], '地点信息': {'规范化地名': '拉达克地区楚舒勒西南方向', '经纬度': '33°20′45″N 78°45′32″E', '海拔'...

  File "C:\Users\nuc\Desktop\xining_kg\utils\util.py", line 630, in load_mechanism_events
    mechanism_events, chunks_count = file_to_mechanism_events(path)
                                     │                        └ WindowsPath('data/upload/upload_5cb6f03074184b6180d711ee25430b4d.pdf')
                                     └ <function file_to_mechanism_events at 0x000001DA5547B370>

  File "C:\Users\nuc\Desktop\xining_kg\utils\util.py", line 608, in file_to_mechanism_events
    return events_from_text_file(path, source_name)
           │                     │     └ 'upload_5cb6f03074184b6180d711ee25430b4d.pdf'
           │                     └ WindowsPath('data/upload/upload_5cb6f03074184b6180d711ee25430b4d.pdf')
           └ <function events_from_text_file at 0x000001DA5547AF80>

  File "C:\Users\nuc\Desktop\xining_kg\utils\util.py", line 517, in events_from_text_file
    text = read_source_file(path)
           │                └ WindowsPath('data/upload/upload_5cb6f03074184b6180d711ee25430b4d.pdf')
           └ <function read_source_file at 0x000001DA5547AB00>

  File "C:\Users\nuc\Desktop\xining_kg\utils\util.py", line 390, in read_source_file
    return read_pdf_file(path)
           │             └ WindowsPath('data/upload/upload_5cb6f03074184b6180d711ee25430b4d.pdf')
           └ <function read_pdf_file at 0x000001DA5547A9E0>

  File "C:\Users\nuc\Desktop\xining_kg\utils\util.py", line 361, in read_pdf_file
    import fitz

  File "D:\software\Anaconda3\envs\xn\lib\site-packages\fitz\__init__.py", line 2, in <module>
    import tools

ModuleNotFoundError: No module named 'tools'
2026-05-23 12:54:04.900 | INFO     | app_server:startup_event:81 - 服务启动完成
2026-05-23 12:54:04.901 | INFO     | app_server:startup_event:82 - 上传目录: data\upload
2026-05-23 12:54:04.901 | INFO     | app_server:startup_event:83 - 输出目录: data\output
2026-05-23 12:54:07.718 | INFO     | app_server:knowledge_graph_construction_api:94 - 收到文件: name=news.json, type=application/json
2026-05-23 12:54:07.721 | INFO     | app_server:knowledge_graph_construction_api:97 - 文件已保存: data\upload\upload_8dd73074a7104376ae754177008d4b65.json
2026-05-23 12:54:07.723 | INFO     | app_server:knowledge_graph_construction_api:94 - 收到文件: name=example.pdf, type=application/pdf
2026-05-23 12:54:07.737 | INFO     | app_server:knowledge_graph_construction_api:97 - 文件已保存: data\upload\upload_095af95955934571ae1a32b9698ce0e6.pdf
2026-05-23 12:54:07.751 | INFO     | app_server:knowledge_graph_construction_api:94 - 收到文件: name=example.md, type=text/markdown
2026-05-23 12:54:07.754 | INFO     | app_server:knowledge_graph_construction_api:97 - 文件已保存: data\upload\upload_3ac1f3dda173427daae09d256658b008.md
2026-05-23 12:55:04.424 | ERROR    | algorithms.knowledge_graph.build_kg:build_graph_from_files:832 - 处理输入文件失败: data\upload\upload_095af95955934571ae1a32b9698ce0e6.pdf
Traceback (most recent call last):

  File "c:\Users\nuc\Desktop\xining_kg\app_server.py", line 200, in <module>
    uvicorn.run("app_server:app", host=APP_HOST, port=APP_PORT, reload=False)
    │       │                          │              └ 5000
    │       │                          └ '0.0.0.0'
    │       └ <function run at 0x000002569DDEAA70>
    └ <module 'uvicorn' from 'D:\\software\\Anaconda3\\envs\\xn\\lib\\site-packages\\uvicorn\\__init__.py'>

  File "D:\software\Anaconda3\envs\xn\lib\site-packages\uvicorn\main.py", line 620, in run
    server.run()
    │      └ <function Server.run at 0x000002569DDC85E0>
    └ <uvicorn.server.Server object at 0x000002569DDCF1F0>

  File "D:\software\Anaconda3\envs\xn\lib\site-packages\uvicorn\server.py", line 75, in run
    return asyncio_run(self.serve(sockets=sockets), loop_factory=self.config.get_loop_factory())
           │           │    │             │                      │    │      └ <function Config.get_loop_factory at 0x000002569DD996C0>
           │           │    │             │                      │    └ <uvicorn.config.Config object at 0x000002569DC287C0>
           │           │    │             │                      └ <uvicorn.server.Server object at 0x000002569DDCF1F0>
           │           │    │             └ None
           │           │    └ <function Server.serve at 0x000002569DDC8670>
           │           └ <uvicorn.server.Server object at 0x000002569DDCF1F0>
           └ <function asyncio_run at 0x000002569DD72E60>

  File "D:\software\Anaconda3\envs\xn\lib\site-packages\uvicorn\_compat.py", line 60, in asyncio_run
    return loop.run_until_complete(main)
           │    │                  └ <coroutine object Server.serve at 0x000002569DDA7060>
           │    └ <function BaseEventLoop.run_until_complete at 0x000002569B259A20>
           └ <ProactorEventLoop running=True closed=False debug=False>

  File "D:\software\Anaconda3\envs\xn\lib\asyncio\base_events.py", line 636, in run_until_complete
    self.run_forever()
    │    └ <function ProactorEventLoop.run_forever at 0x000002569CACACB0>
    └ <ProactorEventLoop running=True closed=False debug=False>

  File "D:\software\Anaconda3\envs\xn\lib\asyncio\windows_events.py", line 321, in run_forever
    super().run_forever()

  File "D:\software\Anaconda3\envs\xn\lib\asyncio\base_events.py", line 603, in run_forever
    self._run_once()
    │    └ <function BaseEventLoop._run_once at 0x000002569B25B490>
    └ <ProactorEventLoop running=True closed=False debug=False>

  File "D:\software\Anaconda3\envs\xn\lib\asyncio\base_events.py", line 1909, in _run_once
    handle._run()
    │      └ <function Handle._run at 0x000002569B1FECB0>
    └ <Handle Task.task_wakeup(<Future finished result=True>)>

  File "D:\software\Anaconda3\envs\xn\lib\asyncio\events.py", line 80, in _run
    self._context.run(self._callback, *self._args)
    │    │            │    │           │    └ <member '_args' of 'Handle' objects>
    │    │            │    │           └ <Handle Task.task_wakeup(<Future finished result=True>)>
    │    │            │    └ <member '_callback' of 'Handle' objects>
    │    │            └ <Handle Task.task_wakeup(<Future finished result=True>)>
    │    └ <member '_context' of 'Handle' objects>
    └ <Handle Task.task_wakeup(<Future finished result=True>)>

  File "D:\software\Anaconda3\envs\xn\lib\site-packages\uvicorn\protocols\http\h11_impl.py", line 415, in run_asgi
    result = await app(  # type: ignore[func-returns-value]
                   └ <uvicorn.middleware.proxy_headers.ProxyHeadersMiddleware object at 0x000002569DDFAB60>

  File "D:\software\Anaconda3\envs\xn\lib\site-packages\uvicorn\middleware\proxy_headers.py", line 56, in __call__
    return await self.app(scope, receive, send)
                 │    │   │      │        └ <bound method RequestResponseCycle.send of <uvicorn.protocols.http.h11_impl.RequestResponseCycle object at 0x000002569DFC29E0>>
                 │    │   │      └ <bound method RequestResponseCycle.receive of <uvicorn.protocols.http.h11_impl.RequestResponseCycle object at 0x000002569DFC2...
                 │    │   └ {'type': 'http', 'asgi': {'version': '3.0', 'spec_version': '2.3'}, 'http_version': '1.1', 'server': ('127.0.0.1', 5000), 'cl...
                 │    └ <fastapi.applications.FastAPI object at 0x000002569DC28550>
                 └ <uvicorn.middleware.proxy_headers.ProxyHeadersMiddleware object at 0x000002569DDFAB60>

  File "D:\software\Anaconda3\envs\xn\lib\site-packages\fastapi\applications.py", line 1134, in __call__
    await super().__call__(scope, receive, send)
                           │      │        └ <bound method RequestResponseCycle.send of <uvicorn.protocols.http.h11_impl.RequestResponseCycle object at 0x000002569DFC29E0>>
                           │      └ <bound method RequestResponseCycle.receive of <uvicorn.protocols.http.h11_impl.RequestResponseCycle object at 0x000002569DFC2...
                           └ {'type': 'http', 'asgi': {'version': '3.0', 'spec_version': '2.3'}, 'http_version': '1.1', 'server': ('127.0.0.1', 5000), 'cl...

  File "D:\software\Anaconda3\envs\xn\lib\site-packages\starlette\applications.py", line 107, in __call__
    await self.middleware_stack(scope, receive, send)
          │    │                │      │        └ <bound method RequestResponseCycle.send of <uvicorn.protocols.http.h11_impl.RequestResponseCycle object at 0x000002569DFC29E0>>
          │    │                │      └ <bound method RequestResponseCycle.receive of <uvicorn.protocols.http.h11_impl.RequestResponseCycle object at 0x000002569DFC2...
          │    │                └ {'type': 'http', 'asgi': {'version': '3.0', 'spec_version': '2.3'}, 'http_version': '1.1', 'server': ('127.0.0.1', 5000), 'cl...
          │    └ <starlette.middleware.errors.ServerErrorMiddleware object at 0x000002569DFC19F0>
          └ <fastapi.applications.FastAPI object at 0x000002569DC28550>

  File "D:\software\Anaconda3\envs\xn\lib\site-packages\starlette\middleware\errors.py", line 164, in __call__
    await self.app(scope, receive, _send)
          │    │   │      │        └ <function ServerErrorMiddleware.__call__.<locals>._send at 0x000002569DFD5120>
          │    │   │      └ <bound method RequestResponseCycle.receive of <uvicorn.protocols.http.h11_impl.RequestResponseCycle object at 0x000002569DFC2...
          │    │   └ {'type': 'http', 'asgi': {'version': '3.0', 'spec_version': '2.3'}, 'http_version': '1.1', 'server': ('127.0.0.1', 5000), 'cl...
          │    └ <starlette.middleware.exceptions.ExceptionMiddleware object at 0x000002569DFC19C0>
          └ <starlette.middleware.errors.ServerErrorMiddleware object at 0x000002569DFC19F0>

  File "D:\software\Anaconda3\envs\xn\lib\site-packages\starlette\middleware\exceptions.py", line 63, in __call__
    await wrap_app_handling_exceptions(self.app, conn)(scope, receive, send)
          │                            │    │    │     │      │        └ <function ServerErrorMiddleware.__call__.<locals>._send at 0x000002569DFD5120>
          │                            │    │    │     │      └ <bound method RequestResponseCycle.receive of <uvicorn.protocols.http.h11_impl.RequestResponseCycle object at 0x000002569DFC2...
          │                            │    │    │     └ {'type': 'http', 'asgi': {'version': '3.0', 'spec_version': '2.3'}, 'http_version': '1.1', 'server': ('127.0.0.1', 5000), 'cl...
          │                            │    │    └ <starlette.requests.Request object at 0x000002569DFC2440>
          │                            │    └ <fastapi.middleware.asyncexitstack.AsyncExitStackMiddleware object at 0x000002569DFC1960>
          │                            └ <starlette.middleware.exceptions.ExceptionMiddleware object at 0x000002569DFC19C0>
          └ <function wrap_app_handling_exceptions at 0x000002569DA04C10>

  File "D:\software\Anaconda3\envs\xn\lib\site-packages\starlette\_exception_handler.py", line 42, in wrapped_app
    await app(scope, receive, sender)
          │   │      │        └ <function wrap_app_handling_exceptions.<locals>.wrapped_app.<locals>.sender at 0x000002569DFD51B0>
          │   │      └ <bound method RequestResponseCycle.receive of <uvicorn.protocols.http.h11_impl.RequestResponseCycle object at 0x000002569DFC2...
          │   └ {'type': 'http', 'asgi': {'version': '3.0', 'spec_version': '2.3'}, 'http_version': '1.1', 'server': ('127.0.0.1', 5000), 'cl...
          └ <fastapi.middleware.asyncexitstack.AsyncExitStackMiddleware object at 0x000002569DFC1960>

  File "D:\software\Anaconda3\envs\xn\lib\site-packages\fastapi\middleware\asyncexitstack.py", line 18, in __call__
    await self.app(scope, receive, send)
          │    │   │      │        └ <function wrap_app_handling_exceptions.<locals>.wrapped_app.<locals>.sender at 0x000002569DFD51B0>
          │    │   │      └ <bound method RequestResponseCycle.receive of <uvicorn.protocols.http.h11_impl.RequestResponseCycle object at 0x000002569DFC2...
          │    │   └ {'type': 'http', 'asgi': {'version': '3.0', 'spec_version': '2.3'}, 'http_version': '1.1', 'server': ('127.0.0.1', 5000), 'cl...
          │    └ <fastapi.routing.APIRouter object at 0x000002569DDCF340>
          └ <fastapi.middleware.asyncexitstack.AsyncExitStackMiddleware object at 0x000002569DFC1960>

  File "D:\software\Anaconda3\envs\xn\lib\site-packages\starlette\routing.py", line 716, in __call__
    await self.middleware_stack(scope, receive, send)
          │    │                │      │        └ <function wrap_app_handling_exceptions.<locals>.wrapped_app.<locals>.sender at 0x000002569DFD51B0>
          │    │                │      └ <bound method RequestResponseCycle.receive of <uvicorn.protocols.http.h11_impl.RequestResponseCycle object at 0x000002569DFC2...
          │    │                └ {'type': 'http', 'asgi': {'version': '3.0', 'spec_version': '2.3'}, 'http_version': '1.1', 'server': ('127.0.0.1', 5000), 'cl...
          │    └ <bound method Router.app of <fastapi.routing.APIRouter object at 0x000002569DDCF340>>
          └ <fastapi.routing.APIRouter object at 0x000002569DDCF340>

  File "D:\software\Anaconda3\envs\xn\lib\site-packages\starlette\routing.py", line 736, in app
    await route.handle(scope, receive, send)
          │     │      │      │        └ <function wrap_app_handling_exceptions.<locals>.wrapped_app.<locals>.sender at 0x000002569DFD51B0>
          │     │      │      └ <bound method RequestResponseCycle.receive of <uvicorn.protocols.http.h11_impl.RequestResponseCycle object at 0x000002569DFC2...
          │     │      └ {'type': 'http', 'asgi': {'version': '3.0', 'spec_version': '2.3'}, 'http_version': '1.1', 'server': ('127.0.0.1', 5000), 'cl...
          │     └ <function Route.handle at 0x000002569DA06290>
          └ APIRoute(path='/api/knowledge_graph/construction', name='knowledge_graph_construction_api', methods=['POST'])

  File "D:\software\Anaconda3\envs\xn\lib\site-packages\starlette\routing.py", line 290, in handle
    await self.app(scope, receive, send)
          │    │   │      │        └ <function wrap_app_handling_exceptions.<locals>.wrapped_app.<locals>.sender at 0x000002569DFD51B0>
          │    │   │      └ <bound method RequestResponseCycle.receive of <uvicorn.protocols.http.h11_impl.RequestResponseCycle object at 0x000002569DFC2...
          │    │   └ {'type': 'http', 'asgi': {'version': '3.0', 'spec_version': '2.3'}, 'http_version': '1.1', 'server': ('127.0.0.1', 5000), 'cl...
          │    └ <function request_response.<locals>.app at 0x000002569DDEBD00>
          └ APIRoute(path='/api/knowledge_graph/construction', name='knowledge_graph_construction_api', methods=['POST'])

  File "D:\software\Anaconda3\envs\xn\lib\site-packages\fastapi\routing.py", line 125, in app
    await wrap_app_handling_exceptions(app, request)(scope, receive, send)
          │                            │    │        │      │        └ <function wrap_app_handling_exceptions.<locals>.wrapped_app.<locals>.sender at 0x000002569DFD51B0>
          │                            │    │        │      └ <bound method RequestResponseCycle.receive of <uvicorn.protocols.http.h11_impl.RequestResponseCycle object at 0x000002569DFC2...
          │                            │    │        └ {'type': 'http', 'asgi': {'version': '3.0', 'spec_version': '2.3'}, 'http_version': '1.1', 'server': ('127.0.0.1', 5000), 'cl...
          │                            │    └ <starlette.requests.Request object at 0x000002569DFC2530>
          │                            └ <function request_response.<locals>.app.<locals>.app at 0x000002569DFD5240>
          └ <function wrap_app_handling_exceptions at 0x000002569DA04C10>

  File "D:\software\Anaconda3\envs\xn\lib\site-packages\starlette\_exception_handler.py", line 42, in wrapped_app
    await app(scope, receive, sender)
          │   │      │        └ <function wrap_app_handling_exceptions.<locals>.wrapped_app.<locals>.sender at 0x000002569DFD52D0>
          │   │      └ <bound method RequestResponseCycle.receive of <uvicorn.protocols.http.h11_impl.RequestResponseCycle object at 0x000002569DFC2...
          │   └ {'type': 'http', 'asgi': {'version': '3.0', 'spec_version': '2.3'}, 'http_version': '1.1', 'server': ('127.0.0.1', 5000), 'cl...
          └ <function request_response.<locals>.app.<locals>.app at 0x000002569DFD5240>

  File "D:\software\Anaconda3\envs\xn\lib\site-packages\fastapi\routing.py", line 111, in app
    response = await f(request)
                     │ └ <starlette.requests.Request object at 0x000002569DFC2530>
                     └ <function get_request_handler.<locals>.app at 0x000002569DDEBC70>

  File "D:\software\Anaconda3\envs\xn\lib\site-packages\fastapi\routing.py", line 391, in app
    raw_response = await run_endpoint_function(
                         └ <function run_endpoint_function at 0x000002569DA07EB0>

  File "D:\software\Anaconda3\envs\xn\lib\site-packages\fastapi\routing.py", line 290, in run_endpoint_function
    return await dependant.call(**values)
                 │         │      └ {'files': [UploadFile(filename='news.json', size=4072, headers=Headers({'content-disposition': 'form-data; name="files"; file...
                 │         └ <function knowledge_graph_construction_api at 0x000002569DDEB760>
                 └ Dependant(path_params=[], query_params=[], header_params=[], cookie_params=[], body_params=[ModelField(field_info=File(Pydant...

  File "c:\Users\nuc\Desktop\xining_kg\app_server.py", line 101, in knowledge_graph_construction_api
    result = build_knowledge_graph(saved_paths, show_progress=SHOW_FILE_PROGRESS)
             │                     │                          └ True
             │                     └ ['data\\upload\\upload_8dd73074a7104376ae754177008d4b65.json', 'data\\upload\\upload_095af95955934571ae1a32b9698ce0e6.pdf', '...
             └ <function build_knowledge_graph at 0x000002569E0B4D30>

  File "c:\Users\nuc\Desktop\xining_kg\algorithms\knowledge_graph\build_kg.py", line 852, in build_knowledge_graph
    graph_data, mechanism_events, source_summaries, failed_files = build_graph_from_files(
                                                                   └ <function build_graph_from_files at 0x000002569E09BE20>

> File "c:\Users\nuc\Desktop\xining_kg\algorithms\knowledge_graph\build_kg.py", line 824, in build_graph_from_files
    file_mechanism_events, summary = load_mechanism_events(path)
    │                                │                     └ WindowsPath('data/upload/upload_095af95955934571ae1a32b9698ce0e6.pdf')
    │                                └ <function load_mechanism_events at 0x000002569E09B400>
    └ [{'事件主题': '拉达克地区中印边境对峙升级', '时间': ['2026-05-12 08:30'], '地点信息': {'规范化地名': '拉达克地区楚舒勒西南方向', '经纬度': '33°20′45″N 78°45′32″E', '海拔'...

  File "C:\Users\nuc\Desktop\xining_kg\utils\util.py", line 630, in load_mechanism_events
    mechanism_events, chunks_count = file_to_mechanism_events(path)
                                     │                        └ WindowsPath('data/upload/upload_095af95955934571ae1a32b9698ce0e6.pdf')
                                     └ <function file_to_mechanism_events at 0x000002569E09B370>

  File "C:\Users\nuc\Desktop\xining_kg\utils\util.py", line 608, in file_to_mechanism_events
    return events_from_text_file(path, source_name)
           │                     │     └ 'upload_095af95955934571ae1a32b9698ce0e6.pdf'
           │                     └ WindowsPath('data/upload/upload_095af95955934571ae1a32b9698ce0e6.pdf')
           └ <function events_from_text_file at 0x000002569E09AF80>

  File "C:\Users\nuc\Desktop\xining_kg\utils\util.py", line 517, in events_from_text_file
    text = read_source_file(path)
           │                └ WindowsPath('data/upload/upload_095af95955934571ae1a32b9698ce0e6.pdf')
           └ <function read_source_file at 0x000002569E09AB00>

  File "C:\Users\nuc\Desktop\xining_kg\utils\util.py", line 390, in read_source_file
    return read_pdf_file(path)
           │             └ WindowsPath('data/upload/upload_095af95955934571ae1a32b9698ce0e6.pdf')
           └ <function read_pdf_file at 0x000002569E09A9E0>

  File "C:\Users\nuc\Desktop\xining_kg\utils\util.py", line 364, in read_pdf_file
    with fitz.open(path) as document:
         │         └ WindowsPath('data/upload/upload_095af95955934571ae1a32b9698ce0e6.pdf')
         └ <module 'fitz' from 'D:\\software\\Anaconda3\\envs\\xn\\lib\\site-packages\\fitz\\__init__.py'>

AttributeError: module 'fitz' has no attribute 'open'
2026-05-23 12:59:16.837 | INFO     | app_server:startup_event:81 - 服务启动完成
2026-05-23 12:59:16.837 | INFO     | app_server:startup_event:82 - 上传目录: data\upload
2026-05-23 12:59:16.838 | INFO     | app_server:startup_event:83 - 输出目录: data\output
2026-05-23 12:59:43.540 | INFO     | app_server:knowledge_graph_construction_api:94 - 收到文件: name=example.pdf, type=application/pdf
2026-05-23 12:59:43.543 | INFO     | app_server:knowledge_graph_construction_api:97 - 文件已保存: data\upload\upload_61bfbfe5796e49f5bcec50f13368c2f0.pdf
2026-05-23 12:59:43.543 | INFO     | app_server:knowledge_graph_construction_api:94 - 收到文件: name=example.md, type=text/markdown
2026-05-23 12:59:43.545 | INFO     | app_server:knowledge_graph_construction_api:97 - 文件已保存: data\upload\upload_94ccddb66df74e97b50937826e0bb038.md
2026-05-23 12:59:43.545 | INFO     | app_server:knowledge_graph_construction_api:94 - 收到文件: name=news.json, type=application/json
2026-05-23 12:59:43.548 | INFO     | app_server:knowledge_graph_construction_api:97 - 文件已保存: data\upload\upload_6917ff2d59d84369b1301c90d53d9395.json
2026-05-23 13:01:02.487 | WARNING  | utils.txt_to_json:llmstr2list:48 - JSON解析失败: Expecting value: line 533 column 5 (char 9325), 原始内容: [
  {
    "事件主题": "印军第254装甲旅战术前移",
    "时间": [
      "2024-05-21"
    ],
    "地点信息": {
      "规范化地名"
2026-05-23 13:04:22.821 | INFO     | app_server:knowledge_graph_construction_api:94 - 收到文件: name=news.json, type=application/json
2026-05-23 13:04:22.822 | INFO     | app_server:knowledge_graph_construction_api:97 - 文件已保存: data\upload\upload_9309be37cb8041dcbfacbfead52e6348.json
2026-05-23 13:05:37.491 | INFO     | app_server:knowledge_graph_construction_api:94 - 收到文件: name=example.json, type=application/json
2026-05-23 13:05:37.492 | INFO     | app_server:knowledge_graph_construction_api:97 - 文件已保存: data\upload\upload_a60ea14a529048d993b8cb3afc96f9c7.json
2026-05-23 13:06:47.664 | INFO     | app_server:knowledge_graph_construction_api:94 - 收到文件: name=example.json, type=application/json
2026-05-23 13:06:47.666 | INFO     | app_server:knowledge_graph_construction_api:97 - 文件已保存: data\upload\upload_94e855c0a312488d82b911e6a1943b79.json
2026-05-23 13:06:47.666 | INFO     | app_server:knowledge_graph_construction_api:94 - 收到文件: name=example.csv, type=text/csv
2026-05-23 13:06:47.668 | INFO     | app_server:knowledge_graph_construction_api:97 - 文件已保存: data\upload\upload_b2ff2c4031a64eae97f7cb647e381940.csv
2026-05-23 13:15:21.173 | INFO     | app_server:startup_event:69 - 服务启动完成
2026-05-23 13:15:21.173 | INFO     | app_server:startup_event:70 - 上传目录: data\upload
2026-05-23 13:15:21.174 | INFO     | app_server:startup_event:71 - 输出目录: data\output
2026-05-23 13:15:41.237 | INFO     | app_server:knowledge_graph_construction_api:82 - 收到文件: name=news.json, type=application/json
2026-05-23 13:15:41.239 | INFO     | app_server:knowledge_graph_construction_api:85 - 文件已保存: data\upload\upload_17f605ed56634176b4bdc885422280be.json
2026-05-23 13:15:41.239 | INFO     | app_server:knowledge_graph_construction_api:82 - 收到文件: name=example.pdf, type=application/pdf
2026-05-23 13:15:41.244 | INFO     | app_server:knowledge_graph_construction_api:85 - 文件已保存: data\upload\upload_5cf1b5a2a3db46a19e3ce2850341c536.pdf
2026-05-23 13:15:41.246 | INFO     | app_server:knowledge_graph_construction_api:82 - 收到文件: name=example.csv, type=text/csv
2026-05-23 13:15:41.254 | INFO     | app_server:knowledge_graph_construction_api:85 - 文件已保存: data\upload\upload_a75ba45a9c6843eaacee5feb57eba725.csv
2026-05-23 13:23:07.070 | INFO     | algorithms.knowledge_graph.retriever:retrieve_wrapper:17 - 开始搜索数据库，输入: T-90S
2026-05-23 13:23:07.188 | INFO     | algorithms.knowledge_graph.retriever:retrieve_wrapper:25 - 任务完成，查询目标=T-90S, 耗时=111.99808120727539
